
(electric field gradient tensor is in Cartesian coordinates)


Species :    1 (Mn), atom :    1

 EFG tensor :
 -0.3110667857E-17 -0.1590296902E-01 -0.1590296902E-01
 -0.1590296902E-01 -0.3212704797E-16 -0.1590296902E-01
 -0.1590296902E-01 -0.1590296902E-01  0.3523771583E-16
 trace :  -0.1725633230E-30
 eigenvalues :
 -0.3180593804E-01  0.1590296902E-01  0.1590296902E-01


Species :    1 (Mn), atom :    2

 EFG tensor :
 -0.4345096369E-03 -0.1597342777E-01  0.1582531774E-01
 -0.1597342777E-01  0.1345494213E-03  0.1596139963E-01
  0.1582531774E-01  0.1596139963E-01  0.2999602155E-03
 trace :   0.1788933585E-17
 eigenvalues :
 -0.3184206606E-01  0.1566042768E-01  0.1618163838E-01


Species :    1 (Mn), atom :    3

 EFG tensor :
  0.2999602155E-03  0.1582531774E-01  0.1596139963E-01
  0.1582531774E-01 -0.4345096369E-03 -0.1597342777E-01
  0.1596139963E-01 -0.1597342777E-01  0.1345494213E-03
 trace :   0.7589415207E-18
 eigenvalues :
 -0.3184206606E-01  0.1566042768E-01  0.1618163838E-01


Species :    1 (Mn), atom :    4

 EFG tensor :
  0.1345494213E-03  0.1596139963E-01 -0.1597342777E-01
  0.1596139963E-01  0.2999602155E-03  0.1582531774E-01
 -0.1597342777E-01  0.1582531774E-01 -0.4345096369E-03
 trace :  -0.2168404345E-18
 eigenvalues :
 -0.3184206606E-01  0.1566042768E-01  0.1618163838E-01


Species :    2 (Si), atom :    1

 EFG tensor :
 -0.1858455604E-15  0.1710285395      0.1710285395    
  0.1710285395      0.2213507747E-16  0.1710285395    
  0.1710285395      0.1710285395      0.1637104829E-15
 trace :   0.1035379938E-29
 eigenvalues :
 -0.1710285395     -0.1710285395      0.3420570790    


Species :    2 (Si), atom :    2

 EFG tensor :
 -0.2802456175E-04  0.1710545984     -0.1709766148    
  0.1710545984      0.1423361007E-04 -0.1710505942    
 -0.1709766148     -0.1710505942      0.1379095168E-04
 trace :  -0.7962109704E-19
 eigenvalues :
 -0.1710731254     -0.1709814175      0.3420545429    


Species :    2 (Si), atom :    3

 EFG tensor :
  0.1379095168E-04 -0.1709766148     -0.1710505942    
 -0.1709766148     -0.2802456175E-04  0.1710545984    
 -0.1710505942      0.1710545984      0.1423361007E-04
 trace :   0.6268043810E-19
 eigenvalues :
 -0.1710731254     -0.1709814175      0.3420545429    


Species :    2 (Si), atom :    4

 EFG tensor :
  0.1423361007E-04 -0.1710505942      0.1710545984    
 -0.1710505942      0.1379095168E-04 -0.1709766148    
  0.1710545984     -0.1709766148     -0.2802456175E-04
 trace :  -0.1456896669E-18
 eigenvalues :
 -0.1710731254     -0.1709814175      0.3420545429    
