
scale
 1.0

scale1
 1.0

scale2
 1.0

scale3
 1.0

avec
   8.628867318       0.000000000       0.000000000    
   0.000000000       8.628867318       0.000000000    
   0.000000000       0.000000000       8.628867318    

atoms
   2                                    : nspecies
'Mn.in'                                 : spfname
   4                                    : natoms; atpos, bfcmt below
    0.13688000    0.13688000    0.13688000    0.00000000  0.00000000  0.00000000
    0.36312000    0.86312000    0.63688000    0.00000000  0.00000000  0.00000000
    0.63688000    0.36312000    0.86312000    0.00000000  0.00000000  0.00000000
    0.86312000    0.63688000    0.36312000    0.00000000  0.00000000  0.00000000
'Si.in'                                 : spfname
   4                                    : natoms; atpos, bfcmt below
    0.84555000    0.84555000    0.84555000    0.00000000  0.00000000  0.00000000
    0.65445000    0.15445000    0.34555000    0.00000000  0.00000000  0.00000000
    0.34555000    0.65445000    0.15445000    0.00000000  0.00000000  0.00000000
    0.15445000    0.34555000    0.65445000    0.00000000  0.00000000  0.00000000
