 
scale
 1.0
 
scale1
 1.0
 
scale2
 1.0
 
scale3
 1.0
 
avec
   8.928766850       0.000000000       0.000000000    
   0.000000000       8.928766850       0.000000000    
   0.000000000       0.000000000       8.928766850    
 
atoms
   2                                    : nspecies
'V.in'                                  : spfname
   6                                    : natoms; atpos, bfcmt below
    0.25000000    0.00000000    0.50000000    0.00000000  0.00000000  0.00000000
    0.50000000    0.25000000    0.00000000    0.00000000  0.00000000  0.00000000
    0.00000000    0.50000000    0.25000000    0.00000000  0.00000000  0.00000000
    0.00000000    0.50000000   -0.25000000    0.00000000  0.00000000  0.00000000
    0.50000000   -0.25000000    0.00000000    0.00000000  0.00000000  0.00000000
   -0.25000000    0.00000000    0.50000000    0.00000000  0.00000000  0.00000000
'Si.in'                                 : spfname
   2                                    : natoms; atpos, bfcmt below
    0.00000000    0.00000000    0.00000000    0.00000000  0.00000000  0.00000000
    0.50000000    0.50000000    0.50000000    0.00000000  0.00000000  0.00000000
